---
source: src/tests.rs
expression: "(a, fiter, fciter)"
---
(VecStructure(
  structure: [
    Slot(
      index: AbstractIndex(104),
      representation: Euclidean(Dimension(4)),
    ),
    Slot(
      index: AbstractIndex(128),
      representation: Euclidean(Dimension(1)),
    ),
    Slot(
      index: AbstractIndex(164),
      representation: Euclidean(Dimension(5)),
    ),
    Slot(
      index: AbstractIndex(88),
      representation: Lorentz(Dimension(7)),
    ),
    Slot(
      index: AbstractIndex(145),
      representation: Lorentz(Dimension(2)),
    ),
  ],
), [
  0,
  1,
  70,
  71,
  140,
  141,
  210,
  211,
  2,
  3,
  72,
  73,
  142,
  143,
  212,
  213,
  4,
  5,
  74,
  75,
  144,
  145,
  214,
  215,
  6,
  7,
  76,
  77,
  146,
  147,
  216,
  217,
  8,
  9,
  78,
  79,
  148,
  149,
  218,
  219,
  10,
  11,
  80,
  81,
  150,
  151,
  220,
  221,
  12,
  13,
  82,
  83,
  152,
  153,
  222,
  223,
  14,
  15,
  84,
  85,
  154,
  155,
  224,
  225,
  16,
  17,
  86,
  87,
  156,
  157,
  226,
  227,
  18,
  19,
  88,
  89,
  158,
  159,
  228,
  229,
  20,
  21,
  90,
  91,
  160,
  161,
  230,
  231,
  22,
  23,
  92,
  93,
  162,
  163,
  232,
  233,
  24,
  25,
  94,
  95,
  164,
  165,
  234,
  235,
  26,
  27,
  96,
  97,
  166,
  167,
  236,
  237,
  28,
  29,
  98,
  99,
  168,
  169,
  238,
  239,
  30,
  31,
  100,
  101,
  170,
  171,
  240,
  241,
  32,
  33,
  102,
  103,
  172,
  173,
  242,
  243,
  34,
  35,
  104,
  105,
  174,
  175,
  244,
  245,
  36,
  37,
  106,
  107,
  176,
  177,
  246,
  247,
  38,
  39,
  108,
  109,
  178,
  179,
  248,
  249,
  40,
  41,
  110,
  111,
  180,
  181,
  250,
  251,
  42,
  43,
  112,
  113,
  182,
  183,
  252,
  253,
  44,
  45,
  114,
  115,
  184,
  185,
  254,
  255,
  46,
  47,
  116,
  117,
  186,
  187,
  256,
  257,
  48,
  49,
  118,
  119,
  188,
  189,
  258,
  259,
  50,
  51,
  120,
  121,
  190,
  191,
  260,
  261,
  52,
  53,
  122,
  123,
  192,
  193,
  262,
  263,
  54,
  55,
  124,
  125,
  194,
  195,
  264,
  265,
  56,
  57,
  126,
  127,
  196,
  197,
  266,
  267,
  58,
  59,
  128,
  129,
  198,
  199,
  268,
  269,
  60,
  61,
  130,
  131,
  200,
  201,
  270,
  271,
  62,
  63,
  132,
  133,
  202,
  203,
  272,
  273,
  64,
  65,
  134,
  135,
  204,
  205,
  274,
  275,
  66,
  67,
  136,
  137,
  206,
  207,
  276,
  277,
  68,
  69,
  138,
  139,
  208,
  209,
  278,
  279,
], [
  0,
  2,
  4,
  6,
  8,
  10,
  12,
  14,
  16,
  18,
  20,
  22,
  24,
  26,
  28,
  30,
  32,
  34,
  36,
  38,
  40,
  42,
  44,
  46,
  48,
  50,
  52,
  54,
  56,
  58,
  60,
  62,
  64,
  66,
  68,
])
