---
source: src/tests.rs
expression: structb
---
VecStructure(
  structure: [
    Slot(
      index: AbstractIndex(0),
      representation: Lorentz(Dimension(4)),
    ),
    Slot(
      index: AbstractIndex(2),
      representation: Lorentz(Dimension(4)),
    ),
  ],
)
