---
source: src/tests.rs
expression: f
---
data:
  - 1
  - 2
  - 3
  - 8
  - 10
  - 12
  - 21
  - 24
  - 27
  - 40
  - 44
  - 48
structure:
  structure:
    - index: 1
      representation:
        Euclidean: 4
    - index: 3
      representation:
        Euclidean: 3
